Flutter crash report.
Please report a bug at https://github.com/flutter/flutter/issues.

## command

flutter test --coverage -j 4 --no-pub test\.test_optimizer.dart --reporter=json

## exception

PathAccessException: PathAccessException: Deletion failed, path = 'C:\Users\hsade\OneDrive\Documents\Flutter Projects\vaulta\build\native_assets\windows\sqlite3.dll' (OS Error: Access is denied, errno = 5)

```
#0      _checkForErrorResponse (dart:io/common.dart:58:9)
#1      _Directory._delete.<anonymous closure> (dart:io/directory_impl.dart:208:7)
#2      _rootRunUnary (dart:async/zone_root.dart:48:47)
#3      _CustomZone.runUnary (dart:async/zone.dart:733:19)
<asynchronous suspension>
#4      _File._delete.<anonymous closure> (dart:io/file_impl.dart:345:63)
<asynchronous suspension>
#5      ForwardingFileSystemEntity.delete (package:file/src/forwarding/forwarding_file_system_entity.dart:66:12)
<asynchronous suspension>
#6      ForwardingFileSystemEntity.delete (package:file/src/forwarding/forwarding_file_system_entity.dart:66:12)
<asynchronous suspension>
#7      _copyNativeCodeAssetsForOS (package:flutter_tools/src/isolated/native_assets/native_assets.dart:468:5)
<asynchronous suspension>
#8      installCodeAssets (package:flutter_tools/src/isolated/native_assets/native_assets.dart:135:37)
<asynchronous suspension>
#9      testCompilerBuildNativeAssets (package:flutter_tools/src/isolated/native_assets/test/native_assets.dart:88:3)
<asynchronous suspension>
#10     TestCommand.runCommand (package:flutter_tools/src/commands/test.dart:494:11)
<asynchronous suspension>
#11     FlutterCommand.run.<anonymous closure> (package:flutter_tools/src/runner/flutter_command.dart:1630:27)
<asynchronous suspension>
#12     AppContext.run.<anonymous closure> (package:flutter_tools/src/base/context.dart:154:19)
<asynchronous suspension>
#13     CommandRunner.runCommand (package:args/command_runner.dart:212:13)
<asynchronous suspension>
#14     FlutterCommandRunner.runCommand.<anonymous closure> (package:flutter_tools/src/runner/flutter_command_runner.dart:496:9)
<asynchronous suspension>
#15     AppContext.run.<anonymous closure> (package:flutter_tools/src/base/context.dart:154:19)
<asynchronous suspension>
#16     FlutterCommandRunner.runCommand (package:flutter_tools/src/runner/flutter_command_runner.dart:431:5)
<asynchronous suspension>
#17     FlutterCommandRunner.run.<anonymous closure> (package:flutter_tools/src/runner/flutter_command_runner.dart:307:33)
<asynchronous suspension>
#18     run.<anonymous closure>.<anonymous closure> (package:flutter_tools/runner.dart:104:11)
<asynchronous suspension>
#19     AppContext.run.<anonymous closure> (package:flutter_tools/src/base/context.dart:154:19)
<asynchronous suspension>
#20     main (package:flutter_tools/executable.dart:103:3)
<asynchronous suspension>
```

## flutter doctor

```
[✓] Flutter (Channel stable, 3.44.0, on Microsoft Windows [Version 10.0.26200.8655], locale en-US) [768ms]
    • Flutter version 3.44.0 on channel stable at C:\Users\hsade\fvm\versions\3.44.0
    • Upstream repository https://github.com/flutter/flutter.git
    • Framework revision 559ffa3f75 (2 months ago), 2026-05-15 14:13:13 -0700
    • Engine revision 4c525dac5e
    • Dart version 3.12.0
    • DevTools version 2.57.0
    • Feature flags: enable-web, enable-linux-desktop, enable-macos-desktop, enable-windows-desktop, enable-android, enable-ios, cli-animations, enable-native-assets, enable-swift-package-manager, omit-legacy-version-file, enable-lldb-debugging, enable-uiscene-migration

[✓] Windows Version (Windows 11 or higher, 25H2, 2009) [2.1s]

[✓] Android toolchain - develop for Android devices (Android SDK version 36.0.0) [4.8s]
    • Android SDK at C:\Users\hsade\AppData\Local\Android\Sdk
    • Emulator version 36.2.12.0 (build_id 14214601) (CL:N/A)
    • Platform android-36, build-tools 36.0.0
    • Java binary at: C:\Program Files\Android\Android Studio\jbr\bin\java
      This is the JDK bundled with the latest Android Studio installation on this machine.
      To manually set the JDK path, use: `flutter config --jdk-dir="path/to/jdk"`.
    • Java version OpenJDK Runtime Environment (build 21.0.8+-14196175-b1038.72)
    • All Android licenses accepted.

[✓] Chrome - develop for the web [309ms]
    • Chrome at C:\Program Files\Google\Chrome\Application\chrome.exe

[✓] Visual Studio - develop Windows apps (Visual Studio Community 2022 17.14.35 (June 2026)) [306ms]
    • Visual Studio at D:\Programs\Microsoft Visual Studio\2022\Community
    • Visual Studio Community 2022 version 17.14.37411.7
    • Windows 10 SDK version 10.0.26100.0

[✓] Connected device (3 available) [434ms]
    • Windows (desktop) • windows • windows-x64    • Microsoft Windows [Version 10.0.26200.8655]
    • Chrome (web)      • chrome  • web-javascript • Google Chrome 150.0.7871.102
    • Edge (web)        • edge    • web-javascript • Microsoft Edge 150.0.4078.99

[✓] Network resources [1,959ms]
    • All expected network resources are available.

• No issues found!
```
